// Jest Snapshot v1, https://goo.gl/fbAQLP

exports[`Col should override defaults when passing margin prop 1`] = `
Object {
  "context": Object {
    "base": 8,
    "columns": 12,
    "displayAliases": Object {
      "large": Array [
        Object {
          "minWidth": "900px",
        },
        Object {
          "minDeviceWidth": "900px",
        },
      ],
      "medium": Array [
        Object {
          "maxWidth": "899px",
          "minWidth": "600px",
        },
        Object {
          "maxDeviceWidth": "899px",
          "minDeviceWidth": "600px",
        },
      ],
      "small": Array [
        Object {
          "maxWidth": "599px",
        },
        Object {
          "maxDeviceWidth": "599px",
        },
      ],
    },
    "fallbackDisplayKey": "default",
    "gutter": 3,
    "maxPageWidth": 153,
    "minPageWidth": 40,
    "pageMargin": Object {
      "large": 6,
      "medium": 6,
      "small": 1,
    },
    "spacingAliases": Object {
      "2XL": 6,
      "2XL/2": 3,
      "L": 3,
      "L/2": 1.5,
      "M": 2,
      "M/2": 1,
      "S": 1,
      "S/2": 0.5,
      "XL": 4,
      "XL/2": 2,
      "XS": 0.5,
    },
    "verticalGutter": 3,
  },
  "margin": 1,
  "show": undefined,
}
`;

exports[`Col should render a Grid with col margins ([0, 1.5, 3]) 1`] = `
Object {
  "className": "{\\"border\\":\\"0 transparent solid\\",\\"boxSizing\\":\\"border-box\\",\\"display\\":\\"flex\\",\\"flexFlow\\":\\"row wrap\\",\\"width\\":\\"100%\\"} {\\"flexGrow\\":1}",
  "show": undefined,
  "style": Object {
    "borderBottomWidth": 24,
    "borderLeftWidth": 12,
    "borderRightWidth": 12,
    "borderTopWidth": 0,
  },
}
`;
